// Jest Snapshot v1, https://goo.gl/fbAQLP

exports[`matches snapshot 1`] = `
<div>
  <div
    class="MuiPaper-root MuiPaper-elevation1 MuiPaper-rounded"
    elevatio="1"
    style="padding: 48px 48px; margin-top: 48px;"
  >
    <div
      class="MuiGrid-root MuiGrid-container MuiGrid-direction-xs-column MuiGrid-align-items-xs-center"
    >
      <div
        class="MuiGrid-root MuiGrid-item"
      >
        <h1
          class="MuiTypography-root MuiTypography-h3 MuiTypography-gutterBottom"
        >
          Профиль
        </h1>
      </div>
      <form
        class="formTag"
        data-testid="login-form"
      >
        <div
          class="MuiGrid-root MuiGrid-container MuiGrid-spacing-xs-3 MuiGrid-item MuiGrid-grid-xs-12"
          style="margin-bottom: 32px;"
        >
          <div
            class="MuiGrid-root MuiGrid-container MuiGrid-item MuiGrid-grid-xs-6"
          >
            <div
              class="MuiPaper-root MuiPaper-elevation1 MuiPaper-rounded"
              elevatio="1"
              style="padding: 16px 16px;"
            >
              <div
                class="MuiGrid-root MuiGrid-container MuiGrid-direction-xs-column"
              >
                <div
                  class="MuiGrid-root MuiGrid-item MuiGrid-grid-xs-12"
                >
                  <div
                    class="MuiFormControl-root MuiTextField-root MuiFormControl-marginDense MuiFormControl-fullWidth"
                    data-testid="input-card-number"
                  >
                    <label
                      class="MuiFormLabel-root MuiInputLabel-root MuiInputLabel-formControl MuiInputLabel-animated MuiInputLabel-marginDense Mui-required Mui-required"
                      data-shrink="false"
                    >
                      Номер карты
                      <span
                        class="MuiFormLabel-asterisk MuiInputLabel-asterisk"
                      >
                         
                        *
                      </span>
                    </label>
                    <div
                      class="MuiInputBase-root MuiInput-root MuiInput-underline MuiInputBase-fullWidth MuiInput-fullWidth MuiInputBase-formControl MuiInput-formControl MuiInputBase-marginDense MuiInput-marginDense"
                    >
                      <input
                        aria-invalid="false"
                        class="MuiInputBase-input MuiInput-input MuiInputBase-inputMarginDense MuiInput-inputMarginDense"
                        name="cardNumber"
                        placeholder="0000 0000 0000 0000"
                        required=""
                        type="text"
                        value=""
                      />
                    </div>
                  </div>
                </div>
                <div
                  class="MuiGrid-root MuiGrid-item MuiGrid-grid-xs-12"
                >
                  <div
                    class="MuiFormControl-root MuiTextField-root"
                    format="MMMM Do"
                  >
                    <div
                      class="MuiInputBase-root MuiInput-root MuiInput-underline MuiInputBase-formControl MuiInput-formControl"
                    >
                      <input
                        aria-invalid="false"
                        class="MuiInputBase-input MuiInput-input"
                        name="expiryDate"
                        readonly=""
                        type="text"
                        value="February 7th"
                      />
                    </div>
                    
                  </div>
                </div>
              </div>
            </div>
          </div>
          <div
            class="MuiGrid-root MuiGrid-container MuiGrid-item MuiGrid-grid-xs-6"
          >
            <div
              class="MuiPaper-root MuiPaper-elevation1 MuiPaper-rounded"
              elevatio="1"
              style="padding: 16px 16px;"
            >
              <div
                class="MuiGrid-root MuiGrid-container MuiGrid-direction-xs-column"
              >
                <div
                  class="MuiGrid-root MuiGrid-item MuiGrid-grid-xs-12"
                >
                  <div
                    class="MuiFormControl-root MuiTextField-root MuiFormControl-marginDense MuiFormControl-fullWidth"
                    data-testid="input-card-number"
                  >
                    <label
                      class="MuiFormLabel-root MuiInputLabel-root MuiInputLabel-formControl MuiInputLabel-animated MuiInputLabel-marginDense Mui-required Mui-required"
                      data-shrink="false"
                    >
                      Имя владельца
                      <span
                        class="MuiFormLabel-asterisk MuiInputLabel-asterisk"
                      >
                         
                        *
                      </span>
                    </label>
                    <div
                      class="MuiInputBase-root MuiInput-root MuiInput-underline MuiInputBase-fullWidth MuiInput-fullWidth MuiInputBase-formControl MuiInput-formControl MuiInputBase-marginDense MuiInput-marginDense"
                    >
                      <input
                        aria-invalid="false"
                        class="MuiInputBase-input MuiInput-input MuiInputBase-inputMarginDense MuiInput-inputMarginDense"
                        name="cardName"
                        placeholder="USER NAME"
                        required=""
                        type="text"
                        value=""
                      />
                    </div>
                  </div>
                </div>
                <div
                  class="MuiGrid-root MuiGrid-item MuiGrid-grid-xs-12"
                >
                  <div
                    class="MuiFormControl-root MuiTextField-root MuiFormControl-marginDense MuiFormControl-fullWidth"
                    data-testid="input-card-number"
                  >
                    <label
                      class="MuiFormLabel-root MuiInputLabel-root MuiInputLabel-formControl MuiInputLabel-animated MuiInputLabel-marginDense Mui-required Mui-required"
                      data-shrink="false"
                    >
                      CVC 
                      <span
                        class="MuiFormLabel-asterisk MuiInputLabel-asterisk"
                      >
                         
                        *
                      </span>
                    </label>
                    <div
                      class="MuiInputBase-root MuiInput-root MuiInput-underline MuiInputBase-fullWidth MuiInput-fullWidth MuiInputBase-formControl MuiInput-formControl MuiInputBase-marginDense MuiInput-marginDense"
                    >
                      <input
                        aria-invalid="false"
                        class="MuiInputBase-input MuiInput-input MuiInputBase-inputMarginDense MuiInput-inputMarginDense"
                        name="cvc"
                        placeholder="CVC "
                        required=""
                        type="text"
                        value=""
                      />
                    </div>
                  </div>
                </div>
              </div>
            </div>
          </div>
        </div>
        <div
          class="MuiGrid-root MuiGrid-container MuiGrid-item MuiGrid-justify-xs-center MuiGrid-grid-xs-12"
        >
          <button
            class="MuiButtonBase-root MuiButton-root MuiButton-contained MuiButton-containedSecondary"
            data-testid="button-login"
            tabindex="0"
            type="submit"
          >
            <span
              class="MuiButton-label"
            >
              Сохранить
            </span>
            <span
              class="MuiTouchRipple-root"
            />
          </button>
        </div>
      </form>
    </div>
  </div>
</div>
`;
