// Jest Snapshot v1, https://goo.gl/fbAQLP

exports[`matches snapshot 1`] = `
<div>
  <section
    class="section login"
  >
    <div
      class="login__content"
    >
      <div
        class="login__left"
      >
        <img
          alt="Logo"
          class="logo"
          src="logo.png"
        />
      </div>
      <div
        class="login__right"
      >
        <div
          class="MuiPaper-root MuiPaper-elevation1 MuiPaper-rounded"
          elevatio="1"
          style="padding: 48px 48px;"
        >
          <form
            class="formTag"
            data-testid="login-form"
          >
            <div
              class="MuiGrid-root MuiGrid-container MuiGrid-direction-xs-column"
            >
              <div
                class="MuiGrid-root MuiGrid-item MuiGrid-grid-xs-12"
              >
                <h1
                  class="MuiTypography-root MuiTypography-h3 MuiTypography-gutterBottom"
                >
                  Войти
                </h1>
              </div>
              <div
                class="MuiGrid-root MuiGrid-item MuiGrid-grid-xs-12"
              >
                Новый пользователь? 
                <a
                  class="MuiTypography-root MuiLink-root MuiLink-underlineNone MuiTypography-colorPrimary"
                  data-testid="link-register"
                >
                   Зарегистрируйтесь
                </a>
              </div>
              <div
                class="MuiGrid-root MuiGrid-item MuiGrid-grid-xs-12"
              >
                <div
                  class="MuiFormControl-root MuiTextField-root MuiFormControl-marginDense MuiFormControl-fullWidth"
                  data-testid="input-name"
                >
                  <label
                    class="MuiFormLabel-root MuiInputLabel-root MuiInputLabel-formControl MuiInputLabel-animated MuiInputLabel-marginDense Mui-required Mui-required"
                    data-shrink="false"
                  >
                    Имя пользователя
                    <span
                      class="MuiFormLabel-asterisk MuiInputLabel-asterisk"
                    >
                       
                      *
                    </span>
                  </label>
                  <div
                    class="MuiInputBase-root MuiInput-root MuiInput-underline MuiInputBase-fullWidth MuiInput-fullWidth MuiInputBase-formControl MuiInput-formControl MuiInputBase-marginDense MuiInput-marginDense"
                  >
                    <input
                      aria-invalid="false"
                      class="MuiInputBase-input MuiInput-input MuiInputBase-inputMarginDense MuiInput-inputMarginDense"
                      placeholder="Имя пользователя"
                      required=""
                      type="text"
                      value=""
                    />
                  </div>
                </div>
              </div>
              <div
                class="MuiGrid-root MuiGrid-item MuiGrid-grid-xs-12"
              >
                <div
                  class="MuiFormControl-root MuiTextField-root MuiFormControl-marginDense MuiFormControl-fullWidth"
                  data-testid="input-pass"
                >
                  <label
                    class="MuiFormLabel-root MuiInputLabel-root MuiInputLabel-formControl MuiInputLabel-animated MuiInputLabel-marginDense Mui-required Mui-required"
                    data-shrink="false"
                  >
                    Пароль
                    <span
                      class="MuiFormLabel-asterisk MuiInputLabel-asterisk"
                    >
                       
                      *
                    </span>
                  </label>
                  <div
                    class="MuiInputBase-root MuiInput-root MuiInput-underline MuiInputBase-fullWidth MuiInput-fullWidth MuiInputBase-formControl MuiInput-formControl MuiInputBase-marginDense MuiInput-marginDense"
                  >
                    <input
                      aria-invalid="false"
                      class="MuiInputBase-input MuiInput-input MuiInputBase-inputMarginDense MuiInput-inputMarginDense"
                      placeholder="Пароль"
                      required=""
                      type="text"
                      value=""
                    />
                  </div>
                </div>
              </div>
              <div
                class="MuiGrid-root MuiGrid-container MuiGrid-item MuiGrid-justify-xs-flex-end MuiGrid-grid-xs-12"
              >
                <button
                  class="MuiButtonBase-root MuiButton-root MuiButton-contained MuiButton-containedSecondary"
                  data-testid="button-login"
                  tabindex="0"
                  type="submit"
                >
                  <span
                    class="MuiButton-label"
                  >
                    Войти
                  </span>
                  <span
                    class="MuiTouchRipple-root"
                  />
                </button>
              </div>
            </div>
          </form>
        </div>
      </div>
    </div>
  </section>
</div>
`;
